bun : $ vitest run
At line:1 char:1
+ bun run test > 
vitest_output.txt 2>&1
+ ~~~~~~~~~~~~~~~~~~~~~
~~~~~~~~~~~~~~~~
    + CategoryInfo     
         : NotSpecifi  
  ed: ($ vitest run:   
 String) [], Remote    
Exception
    + FullyQualifiedEr 
   rorId : NativeComm  
  andError
 

[1m[46m RUN [49m[22m [36mv4.0.18 [39m[90mC:/Users/ripan/Downloads/git_se/CosmoNaut[39m

 [32mΓ£ô[39m app/components/Flows/core/FlowExecutor.test.ts [2m([22m[2m3 tests[22m[2m)[22m[32m 11[2mms[22m[39m
[90mstderr[2m | app/r
eset-password/__tests__
/ResetPassword.test.tsx
[2m > 
[22m[2mResetPassword 
Page[2m > 
[22m[2mshows loading 
state while verifying 
code
[22m[39mAn update to 
ResetPasswordForm 
inside a test was not 
wrapped in act(...).

When testing, code 
that causes React 
state updates should 
be wrapped into 
act(...):

act(() => {
  /* fire events that 
update state */
});
/* assert on the 
output */

This ensures that 
you're testing the 
behavior the user 
would see in the 
browser. Learn more at 
https://react.dev/link/
wrap-tests-with-act

 [32mΓ£ô[39m test/integration/workspace-orchestration.test.tsx [2m([22m[2m1 test[22m[2m)[22m[33m 446[2mms[22m[39m
     [33m[2mΓ£ô[22m[39m Fast Switch: UI reacts to workspace role and flushes state [33m 443[2mms[22m[39m
 [32mΓ£ô[39m test/integration/request-normalization.test.tsx [2m([22m[2m1 test[22m[2m)[22m[33m 500[2mms[22m[39m
     [33m[2mΓ£ô[22m[39m normalizes params into URL and persists history [33m 498[2mms[22m[39m
 [32mΓ£ô[39m test/integration/multi-step-flow.test.tsx [2m([22m[2m1 test[22m[2m)[22m[33m 536[2mms[22m[39m
     [33m[2mΓ£ô[22m[39m Chain Integration: Successfully passes data from Response A to Request B [33m 534[2mms[22m[39m
 [32mΓ£ô[39m test/integration/privacy-history.test.tsx [2m([22m[2m1 test[22m[2m)[22m[33m 594[2mms[22m[39m
     [33m[2mΓ£ô[22m[39m UH1 Goal: History integration correctly captures Auth metadata for replay [33m 591[2mms[22m[39m
 [32mΓ£ô[39m test/integration/scenario-replay.test.tsx [2m([22m[2m1 test[22m[2m)[22m[33m 617[2mms[22m[39m
     [33m[2mΓ£ô[22m[39m Replaying a history item restores complex Auth and Body telemetry [33m 615[2mms[22m[39m
 [32mΓ£ô[39m test/integration/comprehensive-engine-bridge.test.tsx [2m([22m[2m2 tests[22m[2m)[22m[33m 628[2mms[22m[39m
     [33m[2mΓ£ô[22m[39m Integration of URL Cleaning + Auth Injection + History Persistence [33m 556[2mms[22m[39m
 [32mΓ£ô[39m test/integration/orchestration-lifecycle.test.tsx [2m([22m[2m2 tests[22m[2m)[22m[33m 658[2mms[22m[39m
     [33m[2mΓ£ô[22m[39m UH1 Flow: Complex JSON Post with Auth Normalization & Trace Recording [33m 571[2mms[22m[39m
 [32mΓ£ô[39m app/reset-password/__tests__/ResetPassword.test.tsx [2m([22m[2m4 tests[22m[2m)[22m[33m 741[2mms[22m[39m
     [33m[2mΓ£ô[22m[39m toggles password visibility in the reset form [33m 416[2mms[22m[39m
 [32mΓ£ô[39m app/signup/__tests__/SignUp.test.tsx [2m([22m[2m3 tests[22m[2m)[22m[33m 767[2mms[22m[39m
     [33m[2mΓ£ô[22m[39m prevents form submission if password is not strong [33m 457[2mms[22m[39m
[90mstderr[2m | app/c
omponents/__tests__/Pro
fileModal.test.tsx[2m 
> 
[22m[2mProfileModal 
Component[2m > 
[22m[2mhandles 
incorrect current 
password error
[22m[39mPassword 
change error: Error: 
Incorrect password
    at C:/Users/ripan/D
ownloads/git_se/CosmoNa
ut/app/components/__tes
ts__/ProfileModal.test.
tsx:107:23
    at [90mfile:///C:/
Users/ripan/Downloads/g
it_se/CosmoNaut/[39mno
de_modules/[4m@vitest/
runner[24m/dist/index.
js:145:11
    at [90mfile:///C:/
Users/ripan/Downloads/g
it_se/CosmoNaut/[39mno
de_modules/[4m@vitest/
runner[24m/dist/index.
js:915:26
    at [90mfile:///C:/
Users/ripan/Downloads/g
it_se/CosmoNaut/[39mno
de_modules/[4m@vitest/
runner[24m/dist/index.
js:1243:20
    at new Promise 
(<anonymous>)
    at runWithTimeout 
[90m(file:///C:/Users/r
ipan/Downloads/git_se/C
osmoNaut/[39mnode_modu
les/[4m@vitest/runner
[24m/dist/index.js:1209
:10[90m)[39m
    at [90mfile:///C:/
Users/ripan/Downloads/g
it_se/CosmoNaut/[39mno
de_modules/[4m@vitest/
runner[24m/dist/index.
js:1653:37
    at Traces.$ [90m(f
ile:///C:/Users/ripan/D
ownloads/git_se/CosmoNa
ut/[39mnode_modules/[
4mvitest[24m/dist/chun
ks/traces.CCmnQaNT.js:1
42:27[90m)[39m
    at trace [90m(file
:///C:/Users/ripan/Down
loads/git_se/CosmoNaut/
[39mnode_modules/[4mv
itest[24m/dist/chunks/
test.B8ej_ZHS.js:239:21
[90m)[39m
    at runTest [90m(fi
le:///C:/Users/ripan/Do
wnloads/git_se/CosmoNau
t/[39mnode_modules/[4
m@vitest/runner[24m/di
st/index.js:1653:12[90
m)[39m {
  code: [32m'auth/wron
g-password'[39m
}

 [32mΓ£ô[39m app/components/__tests__/ProfileModal.test.tsx [2m([22m[2m6 tests[22m[2m)[22m[33m 1281[2mms[22m[39m
     [33m[2mΓ£ô[22m[39m switches to change password view [33m 542[2mms[22m[39m
 [32mΓ£ô[39m test/integration/request-flow.test.tsx [2m([22m[2m1 test[22m[2m)[22m[33m 354[2mms[22m[39m
     [33m[2mΓ£ô[22m[39m user sends request ΓåÆ engine runs ΓåÆ response renders ΓåÆ history saved [33m 352[2mms[22m[39m
 [32mΓ£ô[39m test/integration/request-execution.contract.test.tsx [2m([22m[2m1 test[22m[2m)[22m[33m 412[2mms[22m[39m
     [33m[2mΓ£ô[22m[39m normalizes ΓåÆ calls engine ΓåÆ renders response ΓåÆ persists history [33m 411[2mms[22m[39m
 [32mΓ£ô[39m test/integration/request-error.contract.test.tsx [2m([22m[2m1 test[22m[2m)[22m[33m 417[2mms[22m[39m
     [33m[2mΓ£ô[22m[39m error ΓåÆ response lifecycle ΓåÆ history persisted [33m 416[2mms[22m[39m
 [31mΓ¥»[39m test/integration/request-loading.test.tsx [2m([22m[2m1 test[22m[2m | [22m[31m1 failed[39m[2m)[22m[33m 1443[2mms[22m[39m
[31m     [31m├ù[31m Send ΓåÆ loading ΓåÆ response ΓåÆ history persisted ΓåÆ engine contract[39m[33m 1442[2mms[22m[39m
 [32mΓ£ô[39m test/integration/request-demo-limiter.test.tsx [2m([22m[2m1 test[22m[2m)[22m[32m 241[2mms[22m[39m
 [32mΓ£ô[39m test/integration/auth-header-injection.test.tsx [2m([22m[2m1 test[22m[2m)[22m[32m 245[2mms[22m[39m
 [32mΓ£ô[39m test/integration/role-transition.test.tsx [2m([22m[2m1 test[22m[2m)[22m[32m 61[2mms[22m[39m
 [32mΓ£ô[39m test/integration/disk-persistence.test.tsx [2m([22m[2m1 test[22m[2m)[22m[32m 68[2mms[22m[39m
 [32mΓ£ô[39m app/components/__tests__/LoadingSplash.test.tsx [2m([22m[2m1 test[22m[2m)[22m[32m 35[2mms[22m[39m
 [32mΓ£ô[39m test/integration/rbac-security.test.tsx [2m([22m[2m1 test[22m[2m)[22m[33m 330[2mms[22m[39m
     [33m[2mΓ£ô[22m[39m Read-only role disables critical UI controls and prevents modification [33m 328[2mms[22m[39m
 [32mΓ£ô[39m app/components/__tests__/AuthCard.test.tsx [2m([22m[2m1 test[22m[2m)[22m[32m 227[2mms[22m[39m
 [32mΓ£ô[39m app/components/__tests__/ThemeToggle.test.tsx [2m([22m[2m1 test[22m[2m)[22m[32m 275[2mms[22m[39m
 [32mΓ£ô[39m test/integration/header-logic.test.tsx [2m([22m[2m1 test[22m[2m)[22m[33m 336[2mms[22m[39m
     [33m[2mΓ£ô[22m[39m automatically adds Content-Type when a JSON body is present in POST [33m 334[2mms[22m[39m
 [32mΓ£ô[39m test/integration/import-export-handshake.test.tsx [2m([22m[2m1 test[22m[2m)[22m[33m 411[2mms[22m[39m
     [33m[2mΓ£ô[22m[39m Importing a collection correctly updates the Sidebar and Provider state [33m 409[2mms[22m[39m
 [32mΓ£ô[39m app/components/__tests__/Astronaut.test.tsx [2m([22m[2m1 test[22m[2m)[22m[32m 257[2mms[22m[39m
 [32mΓ£ô[39m test/integration/distributed-tracing-flow.test.tsx [2m([22m[2m1 test[22m[2m)[22m[33m 377[2mms[22m[39m
     [33m[2mΓ£ô[22m[39m persists engine-level errors and trace metadata to history [33m 375[2mms[22m[39m
 [31mΓ¥»[39m test/integration/response-visualizer.test.tsx [2m([22m[2m1 test[22m[2m | [22m[31m1 failed[39m[2m)[22m[32m 83[2mms[22m[39m
[31m     [31m├ù[31m Successfully formats raw engine strings into Pretty JSON via format selector[39m[32m 82[2mms[22m[39m

[31mΓÄ»ΓÄ»ΓÄ»ΓÄ»ΓÄ»ΓÄ»
ΓÄ»[39m[1m[41m 
Failed Tests 2 [49m[2
2m[31mΓÄ»ΓÄ»ΓÄ»ΓÄ»ΓÄ»Γ
Ä»ΓÄ»[39m

[41m[1m FAIL 
[22m[49m test/integra
tion/request-loading.te
st.tsx[2m > 
[22mIntegration: 
Request loading 
lifecycle[2m > 
[22mSend ΓåÆ loading 
ΓåÆ response ΓåÆ 
history persisted ΓåÆ 
engine contract
[31m[1mTestingLibrary
ElementError[22m[39m:
 Unable to find an 
element with the text: 
(t) => 
t.includes('"ok": 
true'). This could be 
because the text is 
broken up by multiple 
elements. In this 
case, you can provide 
a function for your 
text matcher to make 
your matcher more 
flexible.

Ignored nodes: 
comments, script, style
[36m<body>[39m
  [36m<div>[39m
    [36m<div[39m
      [33mclass[39m=
[32m"flex flex-col 
h-full bg-card-bg/20 
backdrop-blur-sm"[39m
    [36m>[39m
      [36m<div[39m
        [33mclass[39m
=[32m"p-4 border-b 
border-card-border 
bg-black/5 
dark:bg-white/5 
space-y-4"[39m
      [36m>[39m
        [36m<div[39m
          [33mclass[3
9m=[32m"flex 
gap-2"[39m
        [36m>[39m
          
[36m<div[39m
            [33mclass
[39m=[32m"relative 
group"[39m
          [36m>[39m
            
[36m<select[39m
              [33mclas
s[39m=[32m"glass-sele
ct h-11 px-4 
rounded-xl font-black 
text-xs 
appearance-none focus:b
order-primary/50 
text-emerald-500 "[39m
            [36m>[39m
              
[36m<option[39m
                [33mva
lue[39m=[32m"GET"[39
m
              
[36m>[39m
                
[0mGET[0m
              
[36m</option>[39m
              
[36m<option[39m
                [33mva
lue[39m=[32m"POST"[3
9m
              
[36m>[39m
                
[0mPOST[0m
              
[36m</option>[39m
              
[36m<option[39m
                [33mva
lue[39m=[32m"PUT"[39
m
              
[36m>[39m
                
[0mPUT[0m
              
[36m</option>[39m
              
[36m<option[39m
                [33mva
lue[39m=[32m"DELETE"
[39m
              
[36m>[39m
                
[0mDELETE[0m
              
[36m</option>[39m
            
[36m</select>[39m
            
[36m<div[39m
              [33mclas
s[39m=[32m"absolute 
right-3 top-1/2 
-translate-y-1/2 
pointer-events-none 
text-muted 
opacity-50"[39m
            [36m>[39m
              
[36m<svg[39m
                [33mfi
ll[39m=[32m"none"[39
m
                [33mhe
ight[39m=[32m"10"[39
m
                [33mst
roke[39m=[32m"current
Color"[39m
                [33mst
roke-linecap[39m=[32m
"round"[39m
                [33mst
roke-linejoin[39m=[32
m"round"[39m
                [33mst
roke-width[39m=[32m"3
"[39m
                [33mvi
ewBox[39m=[32m"0 0 
24 24"[39m
                [33mwi
dth[39m=[32m"10"[39m
              
[36m>[39m
                
[36m<polyline[39m
                  [33m
points[39m=[32m"6 9 
12 15 18 9"[39m
                
[36m/>[39m
              
[36m</svg>[39m
            
[36m</div>[39m
          
[36m</div>[39m
          
[36m<input[39m
            [33mclass
[39m=[32m"flex-1 h-11 
px-4 rounded-xl border 
border-card-border/50 
bg-card-bg text-sm 
text-foreground 
focus:outline-none focu
s:border-primary/50 
transition-all 
shadow-inner placeholde
r:text-muted/50"[39m
            [33mplaceh
older[39m=[32m"Enter 
request URL"[39m
            [33mtype[
39m=[32m"text"[39m
            [33mvalue
[39m=[32m"https://api.
test.com"[39m
          [36m/>[39m
          
[36m<button[39m
            [33mclass
[39m=[32m"h-11 px-6 
rounded-xl border 
border-primary/30 
bg-primary/5 
text-primary text-xs 
font-black uppercase 
tracking-widest 
hover:bg-primary/10 
transition-all flex 
items-center 
gap-2"[39m
          [36m>[39m
            
[36m<svg[39m
              [33mfill
[39m=[32m"none"[39m
              [33mheig
ht[39m=[32m"14"[39m
              [33mstro
ke[39m=[32m"currentCo
lor"[39m
              [33mstro
ke-linecap[39m=[32m"r
ound"[39m
              [33mstro
ke-linejoin[39m=[32m"
round"[39m
              [33mstro
ke-width[39m=[32m"2.5
"[39m
              [33mview
Box[39m=[32m"0 0 24 
24"[39m
              [33mwidt
h[39m=[32m"14"[39m
            [36m>[39m
              
[36m<path[39m
                
[33md[39m=[32m"M19 
21H5a2 2 0 0 1-2-2V5a2 
2 0 0 1 2-2h11l5 
5v11a2 2 0 0 1-2 
2z"[39m
              
[36m/>[39m
              
[36m<polyline[39m
                [33mpo
ints[39m=[32m"17 21 
17 13 7 13 7 21"[39m
              
[36m/>[39m
              
[36m<polyline[39m
                [33mpo
ints[39m=[32m"7 3 7 
8 15 8"[39m
              
[36m/>[39m
            
[36m</svg>[39m
            
[0mUpdate[0m
          
[36m</button>[39m
          
[36m<button[39m
            [33mclass
[39m=[32m"h-11 px-6 
rounded-xl border 
border-card-border/50 
bg-card-bg text-muted 
text-xs font-black 
uppercase 
tracking-widest 
hover:text-foreground 
transition-all"[39m
          [36m>[39m
            [0mSave 
As[0m
          
[36m</button>[39m
          
[36m<button[39m
            [33mclass
[39m=[32m"h-11 px-8 
rounded-xl bg-primary 
text-white text-xs 
font-black uppercase 
tracking-widest 
shadow-lg 
shadow-primary/20 
hover:brightness-110 
active:scale-95 
transition-all flex 
items-center 
gap-2"[39m
          [36m>[39m
            
[36m<svg[39m
              [33mfill
[39m=[32m"none"[39m
              [33mheig
ht[39m=[32m"14"[39m
              [33mstro
ke[39m=[32m"currentCo
lor"[39m
              [33mstro
ke-linecap[39m=[32m"r
ound"[39m
              [33mstro
ke-linejoin[39m=[32m"
round"[39m
              [33mstro
ke-width[39m=[32m"3"
[39m
              [33mview
Box[39m=[32m"0 0 24 
24"[39m
              [33mwidt
h[39m=[32m"14"[39m
            [36m>[39m
              
[36m<line[39m
                [33mx1
[39m=[32m"22"[39m
                [33mx2
[39m=[32m"11"[39m
                [33my1
[39m=[32m"2"[39m
                [33my2
[39m=[32m"13"[39m
              
[36m/>[39m
              
[36m<polygon[39m
                [33mpo
ints[39m=[32m"22 2 
15 22 11 13 2 9 22 
2"[39m
              
[36m/>[39m
            
[36m</svg>[39m
            
[0mSend[0m
          
[36m</button>[39m
        
[36m</div>[39m
        [36m<div[39m
          [33mclass[3
9m=[32m"flex 
gap-4"[39m
        [36m>[39m
          
[36m<button[39m
            [33mclass
[39m=[32m"text-[10px] 
font-black uppercase 
tracking-widest pb-1 
transition-all 
relative 
text-primary"[39m
          [36m>[39m
            
[0mParams[0m
            
[36m<div[39m
              [33mclas
s[39m=[32m"absolute 
bottom-[-2px] left-0 
right-0 h-0.5 
bg-primary 
rounded-full"[39m
            
[36m/>[39m
          
[36m</button>[39m
          
[36m<button[39m
            [33mclass
[39m=[32m"text-[10px] 
font-black uppercase 
tracking-widest pb-1 
transition-all 
relative text-muted hov
er:text-foreground"[39
m
          [36m>[39m
            
[0mAuth[0m
          
[36m</button>[39m
          
[36m<button[39m
            [33mclass
[39m=[32m"text-[10px] 
font-black uppercase 
tracking-widest pb-1 
transition-all 
relative text-muted hov
er:text-foreground"[39
m
          [36m>[39m
            
[0mHeaders[0m
          
[36m</button>[39m
          
[36m<button[39m
            [33mclass
[39m=[32m"text-[10px] 
font-black uppercase 
tracking-widest pb-1 
transition-all 
relative text-muted hov
er:text-foreground"[39
m
          [36m>[39m
            
[0mBody[0m
          
[36m</button>[39m
        
[36m</div>[39m
      [36m</div>[39m
      [36m<div[39m
        [33mclass[39m
=[32m"flex-1 
overflow-y-auto p-4 
scrollbar-hide"[39m
      [36m>[39m
        [36m<div[39m
          [33mclass[3
9m=[32m"w-full 
space-y-2 p-2"[39m
        ...

Ignored nodes: 
comments, script, style
[36m<html>[39m
  [36m<head />[39m
  [36m<body>[39m
    [36m<div>[39m
      [36m<div[39m
        [33mclass[39m
=[32m"flex flex-col 
h-full bg-card-bg/20 
backdrop-blur-sm"[39m
      [36m>[39m
        [36m<div[39m
          [33mclass[3
9m=[32m"p-4 border-b 
border-card-border 
bg-black/5 
dark:bg-white/5 
space-y-4"[39m
        [36m>[39m
          
[36m<div[39m
            [33mclass
[39m=[32m"flex 
gap-2"[39m
          [36m>[39m
            
[36m<div[39m
              [33mclas
s[39m=[32m"relative 
group"[39m
            [36m>[39m
              
[36m<select[39m
                [33mcl
ass[39m=[32m"glass-se
lect h-11 px-4 
rounded-xl font-black 
text-xs 
appearance-none focus:b
order-primary/50 
text-emerald-500 "[39m
              
[36m>[39m
                
[36m<option[39m
                  [33m
value[39m=[32m"GET"[
39m
                
[36m>[39m
                  
[0mGET[0m
                
[36m</option>[39m
                
[36m<option[39m
                  [33m
value[39m=[32m"POST"
[39m
                
[36m>[39m
                  
[0mPOST[0m
                
[36m</option>[39m
                
[36m<option[39m
                  [33m
value[39m=[32m"PUT"[
39m
                
[36m>[39m
                  
[0mPUT[0m
                
[36m</option>[39m
                
[36m<option[39m
                  [33m
value[39m=[32m"DELETE
"[39m
                
[36m>[39m
                  
[0mDELETE[0m
                
[36m</option>[39m
              
[36m</select>[39m
              
[36m<div[39m
                [33mcl
ass[39m=[32m"absolute
 right-3 top-1/2 
-translate-y-1/2 
pointer-events-none 
text-muted 
opacity-50"[39m
              
[36m>[39m
                
[36m<svg[39m
                  [33m
fill[39m=[32m"none"[
39m
                  [33m
height[39m=[32m"10"[
39m
                  [33m
stroke[39m=[32m"curre
ntColor"[39m
                  [33m
stroke-linecap[39m=[3
2m"round"[39m
                  [33m
stroke-linejoin[39m=[
32m"round"[39m
                  [33m
stroke-width[39m=[32m
"3"[39m
                  [33m
viewBox[39m=[32m"0 0 
24 24"[39m
                  [33m
width[39m=[32m"10"[3
9m
                
[36m>[39m
                  
[36m<polyline[39m
                    [3
3mpoints[39m=[32m"6 
9 12 15 18 9"[39m
                  
[36m/>[39m
                
[36m</svg>[39m
              
[36m</div>[39m
            
[36m</div>[39m
            
[36m<input[39m
              [33mclas
s[39m=[32m"flex-1 
h-11 px-4 rounded-xl 
border 
border-card-border/50 
bg-card-bg text-sm 
text-foreground 
focus:outline-none focu
s:border-primary/50 
transition-all 
shadow-inner placeholde
r:text-muted/50"[39m
              [33mplac
eholder[39m=[32m"Ente
r request URL"[39m
              [33mtype
[39m=[32m"text"[39m
              [33mvalu
e[39m=[32m"https://ap
i.test.com"[39m
            
[36m/>[39m
            
[36m<button[39m
              [33mclas
s[39m=[32m"h-11 px-6 
rounded-xl border 
border-primary/30 
bg-primary/5 
text-primary text-xs 
font-black uppercase 
tracking-widest 
hover:bg-primary/10 
transition-all flex 
items-center 
gap-2"[39m
            [36m>[39m
              
[36m<svg[39m
                [33mfi
ll[39m=[32m"none"[39
m
                [33mhe
ight[39m=[32m"14"[39
m
                [33mst
roke[39m=[32m"current
Color"[39m
                [33mst
roke-linecap[39m=[32m
"round"[39m
                [33mst
roke-linejoin[39m=[32
m"round"[39m
                [33mst
roke-width[39m=[32m"2
.5"[39m
                [33mvi
ewBox[39m=[32m"0 0 
24 24"[39m
                [33mwi
dth[39m=[32m"14"[39m
              
[36m>[39m
                
[36m<path[39m
                  
[33md[39m=[32m"M19 
21H5a2 2 0 0 1-2-2V5a2 
2 0 0 1 2-2h11l5 
5v11a2 2 0 0 1-2 
2z"[39m
                
[36m/>[39m
                
[36m<polyline[39m
                  [33m
points[39m=[32m"17 
21 17 13 7 13 7 
21"[39m
                
[36m/>[39m
                
[36m<polyline[39m
                  [33m
points[39m=[32m"7 3 
7 8 15 8"[39m
                
[36m/>[39m
              
[36m</svg>[39m
              
[0mUpdate[0m
            
[36m</button>[39m
            
[36m<button[39m
              [33mclas
s[39m=[32m"h-11 px-6 
rounded-xl border 
border-card-border/50 
bg-card-bg text-muted 
text-xs font-black 
uppercase 
tracking-widest 
hover:text-foreground 
transition-all"[39m
            [36m>[39m
              [0mSave 
As[0m
            
[36m</button>[39m
            
[36m<button[39m
              [33mclas
s[39m=[32m"h-11 px-8 
rounded-xl bg-primary 
text-white text-xs 
font-black uppercase 
tracking-widest 
shadow-lg 
shadow-primary/20 
hover:brightness-110 
active:scale-95 
transition-all flex 
items-center 
gap-2"[39m
            [36m>[39m
              
[36m<svg[39m
                [33mfi
ll[39m=[32m"none"[39
m
                [33mhe
ight[39m=[32m"14"[39
m
                [33mst
roke[39m=[32m"current
Color"[39m
                [33mst
roke-linecap[39m=[32m
"round"[39m
                [33mst
roke-linejoin[39m=[32
m"round"[39m
                [33mst
roke-width[39m=[32m"3
"[39m
                [33mvi
ewBox[39m=[32m"0 0 
24 24"[39m
                [33mwi
dth[39m=[32m"14"[39m
              
[36m>[39m
                
[36m<line[39m
                  [33m
x1[39m=[32m"22"[39m
                  [33m
x2[39m=[32m"11"[39m
                  [33m
y1[39m=[32m"2"[39m
                  [33m
y2[39m=[32m"13"[39m
                
[36m/>[39m
                
[36m<polygon[39m
                  [33m
points[39m=[32m"22 2 
15 22 11 13 2 9 22 
2"[39m
                
[36m/>[39m
              
[36m</svg>[39m
              
[0mSend[0m
            
[36m</button>[39m
          
[36m</div>[39m
          
[36m<div[39m
            [33mclass
[39m=[32m"flex 
gap-4"[39m
          [36m>[39m
            
[36m<button[39m
              [33mclas
s[39m=[32m"text-[10px
] font-black uppercase 
tracking-widest pb-1 
transition-all 
relative 
text-primary"[39m
            [36m>[39m
              
[0mParams[0m
              
[36m<div[39m
                [33mcl
ass[39m=[32m"absolute
 bottom-[-2px] left-0 
right-0 h-0.5 
bg-primary 
rounded-full"[39m
              
[36m/>[39m
            
[36m</button>[39m
            
[36m<button[39m
              [33mclas
s[39m=[32m"text-[10px
] font-black uppercase 
tracking-widest pb-1 
transition-all 
relative text-muted hov
er:text-foreground"[39
m
            [36m>[39m
              
[0mAuth[0m
            
[36m</button>[39m
            
[36m<button[39m
              [33mclas
s[39m=[32m"text-[10px
] font-black uppercase 
tracking-widest pb-1 
transition-all 
relative text-muted hov
er:text-foreground"[39
m
            [36m>[39m
              
[0mHeaders[0m
            
[36m</button>[39m
            
[36m<button[39m
              [33mclas
s[39m=[32m"text-[10px
] font-black uppercase 
tracking-widest pb-1 
transition-all 
relative text-muted hov
er:text-foreground"[39
m
          ...
[90m [2mΓ¥»[22m 
Proxy.waitForWrapper no
de_modules/@testing-lib
rary/dom/dist/wait-for.
js:[2m163:27[22m[39m
[36m [2mΓ¥»[22m test
/integration/request-lo
ading.test.tsx:[2m138:
11[22m[39m
    [90m136| [39m
    [90m137| [39m    
[90m/* response body 
*/[39m
    [90m138| [39m    
[35mawait[39m 
[34mwaitFor[39m(() 
[33m=>[39m
    [90m   | [39m    
      [31m^[39m
    [90m139| [39m    
  [34mexpect[39m(
    [90m140| [39m    
    screen[33m.[39m[
34mgetByText[39m((t) 
[33m=>[39m

[31m[2mΓÄ»ΓÄ»ΓÄ»ΓÄ»ΓÄ
»ΓÄ»ΓÄ»ΓÄ»ΓÄ»ΓÄ»ΓÄ»ΓÄ»Γ
Ä»ΓÄ»ΓÄ»ΓÄ»ΓÄ»ΓÄ»ΓÄ»ΓÄ»
ΓÄ»ΓÄ»ΓÄ»ΓÄ»[1/2]ΓÄ»[2
2m[39m

[41m[1m FAIL 
[22m[49m test/integra
tion/response-visualize
r.test.tsx[2m > [22mU
ltra-Integration: 
Response Format 
Visualization[2m > 
[22mSuccessfully 
formats raw engine 
strings into Pretty 
JSON via format 
selector
[31m[1mTestingLibrary
ElementError[22m[39m:
 Unable to find an 
element with the text: 
(content, element) => 
{ return element?.tagNa
me.toLowerCase() === 
"pre" && content.includ
es('"status": 
"active"'); } 
(normalized from 
'(content, element) => 
{
      return element?.t
agName.toLowerCase() 
=== "pre" && content.in
cludes('"status": 
"active"');
    }'). This could be 
because the text is 
broken up by multiple 
elements. In this 
case, you can provide 
a function for your 
text matcher to make 
your matcher more 
flexible.

Ignored nodes: 
comments, script, style
[36m<body>[39m
  [36m<div>[39m
    [36m<div[39m
      [33mclass[39m=
[32m"flex flex-col 
h-full bg-card-bg/5 
backdrop-blur-xl 
border-t 
border-card-border 
overflow-hidden"[39m
    [36m>[39m
      [36m<div[39m
        [33mclass[39m
=[32m"h-12 px-4 
border-b 
border-card-border/50 
flex items-center 
justify-between z-20 
bg-black/20 
backdrop-blur-md"[39m
      [36m>[39m
        [36m<div[39m
          [33mclass[3
9m=[32m"flex 
items-center 
gap-4"[39m
        [36m>[39m
          
[36m<div[39m
            [33mclass
[39m=[32m"flex 
gap-1"[39m
          [36m>[39m
            
[36m<button[39m
              [33mclas
s[39m=[32m"px-3 
py-1.5 rounded-md 
text-[11px] font-black 
uppercase 
tracking-[0.15em] 
transition-all 
text-primary 
bg-primary/10"[39m
            [36m>[39m
              
[0mBody[0m
            
[36m</button>[39m
            
[36m<button[39m
              [33mclas
s[39m=[32m"px-3 
py-1.5 rounded-md 
text-[11px] font-black 
uppercase 
tracking-[0.15em] 
transition-all 
text-muted hover:text-f
oreground"[39m
            [36m>[39m
              
[0mPreview[0m
            
[36m</button>[39m
          
[36m</div>[39m
          
[36m<div[39m
            [33mclass
[39m=[32m"w-[1px] h-4 
bg-muted/20 mx-2"[39m
          [36m/>[39m
          
[36m<div[39m
            [33mclass
[39m=[32m"relative"[3
9m
          [36m>[39m
            
[36m<button[39m
              [33mclas
s[39m=[32m"flex 
items-center gap-2 
px-2 py-1.5 rounded-lg 
hover:bg-black/5 
dark:hover:bg-white/5 
text-[11px] font-black 
uppercase 
tracking-widest 
text-foreground/80 
transition-colors 
border border-transpare
nt"[39m
            [36m>[39m
              
[36m<span[39m
                [33mcl
ass[39m=[32m"text-pri
mary/70"[39m
              
[36m>[39m
                
[36m<span[39m
                  [33m
class[39m=[32m"text-[
10px] w-4 
font-bold"[39m
                
[36m/>[39m
              
[36m</span>[39m
              
[36m<span>[39m
                
[0mJSON[0m
              
[36m</span>[39m
              
[36m<svg[39m
                [33mcl
ass[39m=[32m"transiti
on-transform 
duration-200 "[39m
                [33mfi
ll[39m=[32m"none"[39
m
                [33mhe
ight[39m=[32m"10"[39
m
                [33mst
roke[39m=[32m"current
Color"[39m
                [33mst
roke-linecap[39m=[32m
"round"[39m
                [33mst
roke-linejoin[39m=[32
m"round"[39m
                [33mst
roke-width[39m=[32m"3
"[39m
                [33mvi
ewBox[39m=[32m"0 0 
24 24"[39m

                [33mwi
dth[39m=[32m"10"[39m
              
[36m>[39m
                
[36m<polyline[39m
                  [33m
points[39m=[32m"6 9 
12 15 18 9"[39m
                
[36m/>[39m
              
[36m</svg>[39m
            
[36m</button>[39m
          
[36m</div>[39m
        
[36m</div>[39m
        [36m<div[39m
          [33mclass[3
9m=[32m"flex 
items-center 
gap-6"[39m
        [36m>[39m
          
[36m<div[39m
            [33mclass
[39m=[32m"flex 
gap-4"[39m
          [36m>[39m
            
[36m<div[39m
              [33mclas
s[39m=[32m"flex 
flex-col 
items-end"[39m
            [36m>[39m
              
[36m<span[39m
                [33mcl
ass[39m=[32m"text-[9p
x] font-black 
text-muted uppercase 
tracking-tighter 
leading-none mb-1 
opacity-70"[39m
              
[36m>[39m
                
[0mStatus[0m
              
[36m</span>[39m
              
[36m<span[39m
                [33mcl
ass[39m=[32m"text-[11
px] font-black 
text-emerald-500"[39m
              
[36m>[39m
                
[0m200[0m
                [0m 
[0m
                
[0mOK[0m
              
[36m</span>[39m
            
[36m</div>[39m
            
[36m<div[39m
              [33mclas
s[39m=[32m"flex 
flex-col 
items-end"[39m
            [36m>[39m
              
[36m<span[39m
                [33mcl
ass[39m=[32m"text-[9p
x] font-black 
text-muted uppercase 
tracking-tighter 
leading-none mb-1 
opacity-70"[39m
              
[36m>[39m
                
[0mTime[0m
              
[36m</span>[39m
              
[36m<span[39m
                [33mcl
ass[39m=[32m"text-[11
px] font-black 
text-emerald-500"[39m
              
[36m>[39m
                
[0m150[0m
                [0m 
ms[0m
              
[36m</span>[39m
            
[36m</div>[39m
            
[36m<div[39m
              [33mclas
s[39m=[32m"flex 
flex-col 
items-end"[39m
            [36m>[39m
              
[36m<span[39m
                [33mcl
ass[39m=[32m"text-[9p
x] font-black 
text-muted uppercase 
tracking-tighter 
leading-none mb-1 
opacity-70"[39m
              
[36m>[39m
                
[0mSize[0m
              
[36m</span>[39m
              
[36m<span[39m
                [33mcl
ass[39m=[32m"text-[11
px] font-black 
text-emerald-500"[39m
              
[36m>[39m
                [0m47 
B[0m
              
[36m</span>[39m
            
[36m</div>[39m
          
[36m</div>[39m
          
[36m<div[39m
            [33mclass
[39m=[32m"w-[1px] h-4 
bg-muted/20"[39m
          [36m/>[39m
          
[36m<button[39m
            [33mclass
[39m=[32m"flex 
items-center gap-2 
group"[39m
          [36m>[39m
            
[36m<span[39m
              [33mclas
s[39m=[32m"text-[10px
] font-black 
text-muted group-hover:
text-primary uppercase 
tracking-[0.1em] 
transition-colors"[39m
            [36m>[39m
              
[0mSave[0m
            
[36m</span>[39m
            
[36m<svg[39m
              [33mclas
s[39m=[32m"text-muted
 group-hover:text-prima
ry 
transition-colors"[39m
              [33mfill
[39m=[32m"none"[39m
              [33mheig
ht[39m=[32m"14"[39m
              [33mstro
ke[39m=[32m"currentCo
lor"[39m
              [33mstro
ke-linecap[39m=[32m"r
ound"[39m
              [33mstro
ke-linejoin[39m=[32m"
round"[39m
              [33mstro
ke-width[39m=[32m"2.5
"[39m
              [33mview
Box[39m=[32m"0 0 24 
24"[39m
              [33mwidt
h[39m=[32m"14"[39m
            [36m>[39m
              
[36m<path[39m
                
[33md[39m=[32m"M19 
21H5a2 2 0 0 1-2-2V5a2 
2 0 0 1 2-2h11l5 
5v11a2 2 0 0 1-2 
2z"[39m
              
[36m/>[39m
              
[36m<polyline[39m
                [33mpo
ints[39m=[32m"17 21 
17 13 7 13 7 21"[39m
              
[36m/>[39m
              
[36m<polyline[39m
                [33mpo
ints[39m=[32m"7 3 7 
8 15 8"[39m
              
[36m/>[39m
            
[36m</svg>[39m
          
[36m</button>[39m
          
[36m<button[39m
            [33mclass
[39m=[32m"p-1 
hover:text-primary 
transition-colors 
opacity-60 
hover:opacity-100"[39m
          [36m>[39m
            
[36m<svg[39m
              [33mfill
[39m=[32m"none"[39m
              [33mheig
ht[39m=[32m"16"[39m
              [33mstro
ke[39m=[32m"currentCo
lor"[39m
              [33mstro
ke-linecap[39m=[32m"r
ound"[39m
              [33mstro
ke-linejoin[39m=[32m"
round"[39m
              [33mstro
ke-width[39m=[32m"2"
[39m
              
[33mviewBox[39m=...
[90m [2mΓ¥»[22m 
Object.getElementError 
node_modules/@testing-l
ibrary/dom/dist/config.
js:[2m37:19[22m[39m
[90m [2mΓ¥»[22m node
_modules/@testing-libra
ry/dom/dist/query-helpe
rs.js:[2m76:38[22m[3
9m
[90m [2mΓ¥»[22m node
_modules/@testing-libra
ry/dom/dist/query-helpe
rs.js:[2m52:17[22m[3
9m
[90m [2mΓ¥»[22m node
_modules/@testing-libra
ry/dom/dist/query-helpe
rs.js:[2m95:19[22m[3
9m
[36m [2mΓ¥»[22m test
/integration/response-v
isualizer.test.tsx:[2m
21:34[22m[39m
    [90m 19| [39m    
// 1. Target the JSON 
body specifically by 
looking for the 'pre' 
tΓÇª
    [90m 20| [39m    
[90m// This avoids 
collision with the 
'Status' label in the 
header[39m
    [90m 21| [39m    
[35mconst[39m 
jsonContainer 
[33m=[39m screen[33m
.[39m[34mgetByText[3
9m((content[33m,[39m 
element) [33m=>[39m {
    [90m   | [39m    
                       
      [31m^[39m
    [90m 22| [39m    
  return element?.tagNa
me.toLowerCase() === 
'pre' && 
content.incluΓÇª
    [90m 23| [39m    
})[33m;[39m

[31m[2mΓÄ»ΓÄ»ΓÄ»ΓÄ»ΓÄ
»ΓÄ»ΓÄ»ΓÄ»ΓÄ»ΓÄ»ΓÄ»ΓÄ»Γ
Ä»ΓÄ»ΓÄ»ΓÄ»ΓÄ»ΓÄ»ΓÄ»ΓÄ»
ΓÄ»ΓÄ»ΓÄ»ΓÄ»[2/2]ΓÄ»[2
2m[39m

[2m Test Files [22m [1m[31m2 failed[39m[22m[2m | [22m[1m[32m26 passed[39m[22m[90m (28)[39m
[2m      Tests [22m [1m[31m2 failed[39m[22m[2m | [22m[1m[32m40 passed[39m[22m[90m (42)[39m
[2m   Start at [22m 02:22:28
[2m   Duration [22m 12.46s[2m (transform 4.48s, setup 14.14s, import 24.64s, tests 12.35s, environment 103.83s)[22m

error: script "test" 
exited with code 1
